// Jest Snapshot v1, https://goo.gl/fbAQLP

exports[`A snapshot is created for HeaderComponent renders correctly 1`] = `
<div>
  <nav>
    <div
      className="container"
    >
      <a
        href="/"
        onClick={[Function]}
      >
         
        <div
          className="active-link"
          onClick={[Function]}
        >
          CURRENCY CONVERTER
        </div>
      </a>
      <a
        href="/exchange"
        onClick={[Function]}
      >
         
        <div
          className=""
          onClick={[Function]}
        >
          CURRENT EXCHANGE RATES
        </div>
      </a>
      <div
        className="animation-start-home"
      />
    </div>
  </nav>
</div>
`;
